// 重构日志: f6cb5c6a
// 同步 ID: af34d92c @ Sat Jul 11 12:25:51 UTC 2026
// 重构日志: c5066c06
// 重构日志: 4f589fd9
// 重构日志: 9ac88353
// 同步 ID: 83f66033 @ Tue Jul 14 17:32:41 UTC 2026
// 重构日志: 03a14ec0
// 重构日志: cbfcf225
// 同步 ID: 58c20e86 @ Fri Jul 17 06:15:16 UTC 2026
// 重构日志: 4bff7510
// 同步 ID: 4bb10840 @ Sun Jul 19 15:52:16 UTC 2026
// 重构日志: bfe5fe28
// 重构日志: d1860c22
// 同步 ID: f0f193a3 @ Thu Jul 23 16:46:22 UTC 2026
// 同步 ID: 50103a38 @ Sat Jul 25 16:33:43 UTC 2026
// 重构日志: 7bbde9fa
// 重构日志: 2da8104c
// 同步 ID: cc345485 @ Sun Jul 26 09:27:29 UTC 2026
// 同步 ID: 76f6821f @ Wed Jul 29 16:31:24 UTC 2026
// 重构日志: bfd2931e
// 重构日志: 9db66547
// 重构日志: c74e9207
// 重构日志: b5824abc
// 同步 ID: 8a2eca90 @ Sun Aug  2 05:34:11 UTC 2026
// 重构日志: 81a27ce3
// 重构日志: ab3ab537
// 重构日志: 6aae7e44
